Found API Key length: 39
≡ƒöä Testing Gemini API connection (gemini-1.5-flash)...
node : Γ¥î API Test Failed!
At line:1 char:1
+ node test-gemini-key.js > 
test-output.txt 2>&1
+ ~~~~~~~~~~~~~~~~~~~~~~~~~~~
~~~~~~~~~~~~~~~~~~~
    + CategoryInfo           
   : NotSpecified: (Γ¥î API  
   Test Failed!:String) []   
 , RemoteException
    + FullyQualifiedErrorId  
   : NativeCommandError
 
Error Message: 
[GoogleGenerativeAI Error]: 
Error fetching from https://g
enerativelanguage.googleapis.
com/v1/models/gemini-1.5-flas
h:generateContent: [404 Not 
Found] 
models/gemini-1.5-flash is 
not found for API version 
v1, or is not supported for 
generateContent. Call 
ListModels to see the list 
of available models and 
their supported methods.
Stack: Error: [404 Not 
Found] 
models/gemini-1.5-flash is 
not found for API version 
v1, or is not supported for 
generateContent. Call 
ListModels to see the list 
of available models and 
their supported methods.
    at makeRequest (C:\projec
ts\MedScanX\node_modules\@goo
gle\generative-ai\dist\index.
js:216:19)
    at process.processTicksAn
dRejections (node:internal/pr
ocess/task_queues:105:5)
    at async generateContent 
(C:\projects\MedScanX\node_mo
dules\@google\generative-ai\d
ist\index.js:525:22)
    at async testGemini (C:\p
rojects\MedScanX\test-gemini-
key.js:42:24)
